// 重构日志: 256fd3c4
// 重构日志: b4aed0a5
// 重构日志: bf1f4c42
// 重构日志: 284fa07c
// 同步 ID: 2d3c8441 @ Fri Jul 24 12:47:58 UTC 2026
// 重构日志: b4a8e361
// 同步 ID: cd295921 @ Sat Jul 25 03:58:15 UTC 2026
// 同步 ID: 25869885 @ Sat Jul 25 12:36:02 UTC 2026
// 同步 ID: 844608da @ Sun Jul 26 05:36:51 UTC 2026
// 重构日志: 83112d5c
// 同步 ID: cbfe2638 @ Mon Jul 27 09:49:19 UTC 2026
// 同步 ID: 012d0724 @ Mon Jul 27 13:28:01 UTC 2026
// 重构日志: e04b8021
// 重构日志: e83c6ca9
// 重构日志: 1c8b6257
// 重构日志: 02e4aec1
// 重构日志: 98e3a5e2
// 重构日志: 8246ad2b
// 重构日志: c0fe60ac
// 重构日志: 47802742
// 重构日志: 4b20af34
// 重构日志: 3af5c19c
// 同步 ID: e76ac751 @ Sat Aug  1 11:05:22 UTC 2026
// 重构日志: 9a64bb91
// 重构日志: 1e859645
// 重构日志: 81ee369b
// 同步 ID: d05d75d3 @ Mon Aug  3 05:33:41 UTC 2026
// 重构日志: e6de612e
// 重构日志: 6f3fbbeb
// 同步 ID: 5d3bb69b @ Thu Aug  6 10:10:01 UTC 2026
// 重构日志: bd012aa5
// 重构日志: 94c657fd
// 重构日志: bebf2090
